O O O O O Obj-Intent O O O O O O
O Obj-Intent O O B-PRODUCT I-PRODUCT I-PRODUCT I-PRODUCT O O O O O O
O O O O O O O Obj-Intent O O O O
O Obj-Intent O O O O O
O Obj-Intent O O O O O O O
B-GPE I-GPE O O O O O B-TIME I-TIME I-TIME O O O O O O O O O O
O O
B-PERSON I-PERSON I-PERSON O B-DATE I-DATE I-DATE O O Obj-Intent O O O O
O O O O O O
B-GPE O B-NORP O Obj-Intent O O O O O
O O O O O O O B-TIME O B-ORG O O O O O O O
O O O O O O O O O O Obj-Intent O O
B-GPE I-GPE I-GPE O B-PERSON I-PERSON I-PERSON I-PERSON I-PERSON I-PERSON I-PERSON O Obj-Intent O O O O O
O O O O O O O O O Obj-Intent
O O O O O O O O Obj-Intent O O
B-GPE O O Obj-Intent O B-QUANTITY I-QUANTITY O O Obj-Intent O O O
O O O O B-QUANTITY I-QUANTITY O O B-QUANTITY I-QUANTITY
O O O O O O O O O O O O O O O
O O B-EVENT I-EVENT I-EVENT O O O O
B-ORG I-ORG I-ORG I-ORG I-ORG I-ORG I-ORG O B-DATE I-DATE I-DATE I-DATE O O O O
O O O O O
Obj-Intent O O
O O O O B-ORDINAL O O O O O O O
O O O O O O B-WORK_OF_ART I-WORK_OF_ART I-WORK_OF_ART O O O O O O O Obj-Intent O Obj-Intent O O O O
O O O O O O Obj-Intent O O O O O
O O O O B-QUANTITY I-QUANTITY O Obj-Intent O O O O
O O O O O O O B-EVENT I-EVENT Obj-Intent
O O O O O
B-ORG I-ORG I-ORG I-ORG I-ORG O O Obj-Intent O O O
B-PRODUCT I-PRODUCT O Obj-Intent O O O O O O O
O O O B-QUANTITY I-QUANTITY O O
B-PRODUCT I-PRODUCT I-PRODUCT O O O O B-QUANTITY I-QUANTITY O O O Obj-Intent O O
O O O O O O O O O O O O O O O O O O O O O O
B-PRODUCT I-PRODUCT O Obj-Intent O O O
B-ORG O O O O O O O O B-ORG O B-QUANTITY I-QUANTITY O O O O O O
O B-QUANTITY I-QUANTITY O O Obj-Intent O O O
O O O O O Obj-Intent O O
O O Obj-Intent O O O O O
B-TIME I-TIME I-TIME O O O O O O O O O O O O O O O O O O O O Obj-Intent O O
O O O Obj-Intent O O O
B-QUANTITY I-QUANTITY O O O B-QUANTITY I-QUANTITY O O O O O O O O O
Obj-Intent O B-QUANTITY I-QUANTITY O
O O B-ORG I-ORG I-ORG I-ORG I-ORG O O O O O B-PRODUCT I-PRODUCT I-PRODUCT I-PRODUCT O O O
O O O O O O O O O
O B-ORG O B-PERSON O O O O
B-PERSON O O O Obj-Intent O B-QUANTITY I-QUANTITY O O O O O O O O
Obj-Intent O O O O O B-ORG O O O O O O
B-PERSON I-PERSON I-PERSON O Obj-Intent O O O
B-DATE I-DATE I-DATE I-DATE O B-FAC O O O O O O O O O
B-PRODUCT I-PRODUCT I-PRODUCT B-PERSON I-PERSON O O O O O B-ORG I-ORG I-ORG I-ORG O O O O O O O O O
O O
O O O O O O O B-QUANTITY I-QUANTITY O O B-QUANTITY I-QUANTITY O O O O
B-PERSON I-PERSON I-PERSON O O O O O O O O O O O O O O
O O O O O O O O O
B-QUANTITY I-QUANTITY O O
O O O O O O O Obj-Intent O O O O O
B-PRODUCT I-PRODUCT O Obj-Intent O O O
O O O O O O
B-ORG I-ORG I-ORG O O O O O
O O
O O
B-DATE I-DATE I-DATE O O Obj-Intent O O O
O Obj-Intent O B-DATE B-GPE O O O O O O O O O
O O O O O O O O Obj-Intent O O O
O O O O O O O O O O O O O B-ORDINAL O O
O O O O O O O O O O O O O O
O O O O Obj-Intent O O O
B-TIME I-TIME I-TIME I-TIME
B-PERSON I-PERSON I-PERSON I-PERSON I-PERSON O Obj-Intent O O O O
B-ORG I-ORG I-ORG O B-ORG I-ORG O O O O Obj-Intent O O O O O
O O Obj-Intent O O
O O O O O O
O O O O O B-QUANTITY I-QUANTITY O O B-QUANTITY I-QUANTITY O O
B-PRODUCT O O O O O
O O
B-DATE I-DATE I-DATE I-DATE I-DATE I-DATE O B-GPE O B-GPE I-GPE O O O O
O O O O O O O O O B-PERSON I-PERSON I-PERSON O O O O
O
B-PERSON I-PERSON I-PERSON O O Obj-Intent O O O O O
O O O Obj-Intent O O O O O O
O O O O O O
B-ORG I-ORG O O O O O O O
O O O O Obj-Intent O O O O
O O O O O O B-ORDINAL I-ORDINAL I-ORDINAL I-ORDINAL O O O O
B-PRODUCT I-PRODUCT I-PRODUCT I-PRODUCT I-PRODUCT I-PRODUCT
O
O O O O O O O Obj-Intent O B-QUANTITY I-QUANTITY O O O O
B-GPE O O O O B-QUANTITY I-QUANTITY O O O O O O O O Obj-Intent O
O O O O Obj-Intent O O O O Obj-Intent O O O O O
B-TIME I-TIME I-TIME O O O O O Obj-Intent O O O O O
B-GPE I-GPE O O Obj-Intent O O
O O O O O O O B-DATE I-DATE I-DATE
O O O O O O B-GPE O O O O O O O O O O
B-ORG I-ORG O O O Obj-Intent O O
O O O O O O O
O O O O O O O Obj-Intent O O O O O
B-PRODUCT I-PRODUCT I-PRODUCT O O O O Obj-Intent
O O O B-QUANTITY I-QUANTITY O O B-QUANTITY I-QUANTITY O O
B-PRODUCT I-PRODUCT O O B-GPE I-GPE I-GPE O O O O O O O
B-ORG O O O O O O O O O O O O O O O O O
B-DATE I-DATE I-DATE O O O Obj-Intent O O O
O
B-PERSON I-PERSON I-PERSON O O O O Obj-Intent O O
B-GPE O O O O O O O Obj-Intent O O O
O O O O O O O O O O Obj-Intent O O O O O
B-ORG I-ORG O Obj-Intent O O
B-ORG I-ORG O O Obj-Intent O O O O O
B-PERSON I-PERSON I-PERSON O O O O O B-GPE O Obj-Intent O O O O O O
O O O O O O O O O O O O Obj-Intent O B-QUANTITY I-QUANTITY O O O O O
B-ORG I-ORG O O O Obj-Intent O O
O O O Obj-Intent O B-QUANTITY I-QUANTITY O O O O
B-FAC I-FAC O O O O O
B-NORP O O O O Obj-Intent O B-QUANTITY I-QUANTITY O O O O
O O O O O O O Obj-Intent
O O O O O O O O
O O O O O O O O O O
B-LOC I-LOC I-LOC O O O O O O O O O O
B-PERSON O O O
Obj-Intent O B-QUANTITY O O
B-ORG I-ORG I-ORG O Obj-Intent O O
O O B-ORG I-ORG I-ORG I-ORG I-ORG I-ORG O Obj-Intent O O O O O O O O O
O O O B-NORP O O O O O B-QUANTITY I-QUANTITY O O O O O
O O O O Obj-Intent O O O O O
O O O O O
O O O O O O B-QUANTITY I-QUANTITY O O
O O O O O Obj-Intent O O
O O O O O O O O B-ORDINAL O O O O O O O O O Obj-Intent O O O O O
B-PRODUCT I-PRODUCT I-PRODUCT I-PRODUCT I-PRODUCT I-PRODUCT I-PRODUCT O B-QUANTITY I-QUANTITY Obj-Intent
Obj-Intent O O
O O
O O O O O O O Obj-Intent O
B-WORK_OF_ART I-WORK_OF_ART O B-PERSON O B-QUANTITY I-QUANTITY
B-WORK_OF_ART I-WORK_OF_ART O B-PERSON I-PERSON I-PERSON O O
O O O O B-QUANTITY I-QUANTITY O O B-QUANTITY I-QUANTITY
B-GPE O Obj-Intent
O O B-PERSON I-PERSON I-PERSON O O O O
O O O Obj-Intent O B-QUANTITY I-QUANTITY O O O O
B-GPE O B-QUANTITY I-QUANTITY O O O
B-GPE O B-PERSON I-PERSON O Obj-Intent O O
B-PERSON I-PERSON I-PERSON O B-DATE I-DATE O O Obj-Intent O O O O
O O O O O O Obj-Intent
B-PRODUCT O O O B-GPE Obj-Intent O B-QUANTITY I-QUANTITY O O Obj-Intent O O O
B-PERSON I-PERSON I-PERSON O O O O O O
B-PRODUCT I-PRODUCT I-PRODUCT I-PRODUCT I-PRODUCT I-PRODUCT Obj-Intent O O O O O
O O O Obj-Intent O O
O O O B-GPE O O O O O Obj-Intent O B-QUANTITY I-QUANTITY O O O O O O O O
O O O O O O O O
O O O O O O O Obj-Intent O O O O O
Obj-Intent O O
O O O O O B-LANGUAGE O O B-QUANTITY I-QUANTITY O O O
